 
****************************************
Report : timing
        -path full
        -delay max
        -nworst 5
        -max_paths 5
Design : FPadd_plain
Version: L-2016.03-SP5-1
Date   : Tue Jan  2 16:50:22 2024
****************************************

Operating Conditions: nn_nominal_max_0p80v_25c   Library: sc9mcpp84_14lppxl_base_rvt_c14_nn_nominal_max_0p80v_25c
Wire Load Model Mode: segmented

  Startpoint: rhs_1[10] (input port)
  Endpoint: lhs_0[7] (output port)
  Path Group: (none)
  Path Type: max

  Des/Clust/Port     Wire Load Model       Library
  ------------------------------------------------
  FPadd_plain        Small                 sc9mcpp84_14lppxl_base_rvt_c14_nn_nominal_max_0p80v_25c

  Point                                                   Incr       Path
  --------------------------------------------------------------------------
  input external delay                                    0.00       0.00 f
  rhs_1[10] (in)                                          1.21       1.21 f
  U347/Y (INVP_X0P7F_A9PP84TR_C14)                        9.61      10.82 r
  U348/Y (NOR2_X0P5F_A9PP84TR_C14)                       16.80      27.61 f
  U349/CO (ADDF_X0P5N_A9PP84TR_C14)                      44.34      71.96 f
  U354/CO (ADDF_X0P5N_A9PP84TR_C14)                      45.03     116.99 f
  U359/CO (ADDF_X0P5N_A9PP84TR_C14)                      45.04     162.03 f
  U361/CO (ADDF_X0P5N_A9PP84TR_C14)                      71.94     233.98 f
  U355/Y (INVP_X0P7F_A9PP84TR_C14)                       47.73     281.70 r
  U282/Y (BUF_X0P5N_A9PP84TR_C14)                        50.70     332.40 r
  U275/Y (AOI22_X0P5N_A9PP84TR_C14)                      34.48     366.88 f
  U380/Y (INVP_X0P7F_A9PP84TR_C14)                       20.78     387.67 r
  U298/Y (AOI21_X0P5N_A9PP84TR_C14)                      18.27     405.94 f
  U297/Y (AOI21_X0P5N_A9PP84TR_C14)                      33.68     439.62 r
  U324/Y (AO21A1AI2_X0P5N_A9PP84TR_C14)                  32.72     472.34 f
  U335/Y (AOI211_X0P5N_A9PP84TR_C14)                     33.44     505.78 r
  U411/Y (MXIT2_X0P5N_A9PP84TR_C14)                      35.34     541.12 r
  U461/CO (ADDF_X0P5N_A9PP84TR_C14)                      54.19     595.31 r
  U458/CO (ADDF_X0P5N_A9PP84TR_C14)                      45.93     641.24 r
  U412/Y (AND2_X0P5N_A9PP84TR_C14)                       30.10     671.34 r
  U316/Y (OA21B_X0P5N_A9PP84TR_C14)                      36.20     707.54 r
  U452/CO (ADDF_X0P5N_A9PP84TR_C14)                      55.47     763.00 r
  U446/CO (ADDF_X0P5N_A9PP84TR_C14)                      52.40     815.40 r
  U447/CO (ADDF_X0P5N_A9PP84TR_C14)                      52.40     867.80 r
  U437/CO (ADDF_X0P5N_A9PP84TR_C14)                      52.40     920.20 r
  U439/CO (ADDF_X0P5N_A9PP84TR_C14)                      52.40     972.60 r
  U476/CO (ADDF_X0P5N_A9PP84TR_C14)                      45.55    1018.15 r
  U417/Y (NAND2_X0P5R_A9PP84TR_C14)                      24.05    1042.20 f
  U339/Y (AOI211_X0P5N_A9PP84TR_C14)                     48.20    1090.39 r
  U341/Y (AO21B_X0P5N_A9PP84TR_C14)                      34.08    1124.47 r
  U340/Y (OAI211_X0P5N_A9PP84TR_C14)                     35.79    1160.27 f
  U485/Y (NOR3_X0P5F_A9PP84TR_C14)                       63.90    1224.17 r
  U424/Y (NOR2_X0P5F_A9PP84TR_C14)                       48.12    1272.29 f
  U435/Y (INVP_X0P7F_A9PP84TR_C14)                       31.33    1303.62 r
  U462/Y (MXIT2_X0P5N_A9PP84TR_C14)                      41.34    1344.96 f
  U463/Y (INVP_X0P7F_A9PP84TR_C14)                       30.49    1375.44 r
  U464/Y (NAND3_X0P5R_A9PP84TR_C14)                      30.28    1405.72 f
  U465/Y (NOR2_X0P5F_A9PP84TR_C14)                       25.47    1431.19 r
  U469/Y (NAND2_X0P5R_A9PP84TR_C14)                      27.02    1458.21 f
  U470/Y (NOR2_X0P5F_A9PP84TR_C14)                       27.82    1486.03 r
  U474/Y (NAND2_X0P5R_A9PP84TR_C14)                      25.12    1511.15 f
  U475/Y (NOR2_X0P5F_A9PP84TR_C14)                       30.63    1541.78 r
  U480/Y (NAND2_X0P5R_A9PP84TR_C14)                      29.75    1571.53 f
  U483/Y (NAND2XB_X0P5N_A9PP84TR_C14)                    37.61    1609.14 f
  U507/Y (XNOR2_X0P7N_A9PP84TR_C14)                      25.51    1634.65 r
  U508/Y (NAND2_X0P5R_A9PP84TR_C14)                      22.78    1657.43 f
  U509/Y (NOR2XB_X0P5N_A9PP84TR_C14)                     21.40    1678.83 r
  U514/Y (NAND2_X0P5R_A9PP84TR_C14)                      26.36    1705.19 f
  U533/Y (OA21A1OI2_X0P5N_A9PP84TR_C14)                  24.57    1729.77 r
  U537/Y (AOI21_X0P5N_A9PP84TR_C14)                      51.12    1780.89 f
  U538/Y (AOI21_X0P5N_A9PP84TR_C14)                      44.40    1825.29 r
  U543/CO (ADDF_X0P5N_A9PP84TR_C14)                      52.01    1877.29 r
  U545/CO (ADDF_X0P5N_A9PP84TR_C14)                      43.99    1921.29 r
  U544/CO (ADDF_X0P5N_A9PP84TR_C14)                      44.26    1965.54 r
  U540/Y (XNOR2_X0P7N_A9PP84TR_C14)                      19.05    1984.59 f
  U547/Y (AOI22_X0P5N_A9PP84TR_C14)                      24.55    2009.14 r
  U548/Y (OAI31_X0P5N_A9PP84TR_C14)                      32.53    2041.67 f
  U567/Y (NOR2_X0P5F_A9PP84TR_C14)                       29.37    2071.03 r
  U568/Y (NAND2_X0P5R_A9PP84TR_C14)                      36.96    2108.00 f
  U596/Y (INVP_X0P7F_A9PP84TR_C14)                       30.48    2138.48 r
  U609/Y (AO21A1AI2_X0P5N_A9PP84TR_C14)                  27.22    2165.70 f
  U610/Y (OAI21_X0P5N_A9PP84TR_C14)                      10.15    2175.85 r
  lhs_0[7] (out)                                          0.01    2175.86 r
  data arrival time                                               2175.86
  --------------------------------------------------------------------------
  (Path is unconstrained)


  Startpoint: rhs_1[10] (input port)
  Endpoint: lhs_0[7] (output port)
  Path Group: (none)
  Path Type: max

  Des/Clust/Port     Wire Load Model       Library
  ------------------------------------------------
  FPadd_plain        Small                 sc9mcpp84_14lppxl_base_rvt_c14_nn_nominal_max_0p80v_25c

  Point                                                   Incr       Path
  --------------------------------------------------------------------------
  input external delay                                    0.00       0.00 f
  rhs_1[10] (in)                                          1.21       1.21 f
  U347/Y (INVP_X0P7F_A9PP84TR_C14)                        9.61      10.82 r
  U348/Y (NOR2_X0P5F_A9PP84TR_C14)                       16.80      27.61 f
  U349/CO (ADDF_X0P5N_A9PP84TR_C14)                      44.34      71.96 f
  U354/CO (ADDF_X0P5N_A9PP84TR_C14)                      45.03     116.99 f
  U359/CO (ADDF_X0P5N_A9PP84TR_C14)                      45.04     162.03 f
  U361/CO (ADDF_X0P5N_A9PP84TR_C14)                      71.94     233.98 f
  U355/Y (INVP_X0P7F_A9PP84TR_C14)                       47.73     281.70 r
  U282/Y (BUF_X0P5N_A9PP84TR_C14)                        50.70     332.40 r
  U275/Y (AOI22_X0P5N_A9PP84TR_C14)                      34.48     366.88 f
  U380/Y (INVP_X0P7F_A9PP84TR_C14)                       20.78     387.67 r
  U298/Y (AOI21_X0P5N_A9PP84TR_C14)                      18.27     405.94 f
  U297/Y (AOI21_X0P5N_A9PP84TR_C14)                      33.68     439.62 r
  U324/Y (AO21A1AI2_X0P5N_A9PP84TR_C14)                  32.72     472.34 f
  U335/Y (AOI211_X0P5N_A9PP84TR_C14)                     33.44     505.78 r
  U411/Y (MXIT2_X0P5N_A9PP84TR_C14)                      35.34     541.12 r
  U461/CO (ADDF_X0P5N_A9PP84TR_C14)                      54.19     595.31 r
  U458/CO (ADDF_X0P5N_A9PP84TR_C14)                      45.93     641.24 r
  U412/Y (AND2_X0P5N_A9PP84TR_C14)                       30.10     671.34 r
  U316/Y (OA21B_X0P5N_A9PP84TR_C14)                      36.20     707.54 r
  U452/CO (ADDF_X0P5N_A9PP84TR_C14)                      55.47     763.00 r
  U446/CO (ADDF_X0P5N_A9PP84TR_C14)                      52.40     815.40 r
  U447/CO (ADDF_X0P5N_A9PP84TR_C14)                      52.40     867.80 r
  U437/CO (ADDF_X0P5N_A9PP84TR_C14)                      52.40     920.20 r
  U439/CO (ADDF_X0P5N_A9PP84TR_C14)                      52.40     972.60 r
  U476/CO (ADDF_X0P5N_A9PP84TR_C14)                      45.55    1018.15 r
  U417/Y (NAND2_X0P5R_A9PP84TR_C14)                      24.05    1042.20 f
  U339/Y (AOI211_X0P5N_A9PP84TR_C14)                     48.20    1090.39 r
  U341/Y (AO21B_X0P5N_A9PP84TR_C14)                      34.08    1124.47 r
  U340/Y (OAI211_X0P5N_A9PP84TR_C14)                     35.79    1160.27 f
  U485/Y (NOR3_X0P5F_A9PP84TR_C14)                       63.90    1224.17 r
  U424/Y (NOR2_X0P5F_A9PP84TR_C14)                       48.12    1272.29 f
  U435/Y (INVP_X0P7F_A9PP84TR_C14)                       31.33    1303.62 r
  U462/Y (MXIT2_X0P5N_A9PP84TR_C14)                      41.34    1344.96 f
  U463/Y (INVP_X0P7F_A9PP84TR_C14)                       30.49    1375.44 r
  U464/Y (NAND3_X0P5R_A9PP84TR_C14)                      30.28    1405.72 f
  U465/Y (NOR2_X0P5F_A9PP84TR_C14)                       25.47    1431.19 r
  U469/Y (NAND2_X0P5R_A9PP84TR_C14)                      27.02    1458.21 f
  U470/Y (NOR2_X0P5F_A9PP84TR_C14)                       27.82    1486.03 r
  U474/Y (NAND2_X0P5R_A9PP84TR_C14)                      25.12    1511.15 f
  U475/Y (NOR2_X0P5F_A9PP84TR_C14)                       30.63    1541.78 r
  U480/Y (NAND2_X0P5R_A9PP84TR_C14)                      29.75    1571.53 f
  U483/Y (NAND2XB_X0P5N_A9PP84TR_C14)                    37.61    1609.14 f
  U507/Y (XNOR2_X0P7N_A9PP84TR_C14)                      25.51    1634.65 r
  U508/Y (NAND2_X0P5R_A9PP84TR_C14)                      22.78    1657.43 f
  U509/Y (NOR2XB_X0P5N_A9PP84TR_C14)                     21.40    1678.83 r
  U514/Y (NAND2_X0P5R_A9PP84TR_C14)                      26.36    1705.19 f
  U533/Y (OA21A1OI2_X0P5N_A9PP84TR_C14)                  24.57    1729.77 r
  U537/Y (AOI21_X0P5N_A9PP84TR_C14)                      51.12    1780.89 f
  U538/Y (AOI21_X0P5N_A9PP84TR_C14)                      44.40    1825.29 r
  U543/CO (ADDF_X0P5N_A9PP84TR_C14)                      52.01    1877.29 r
  U545/CO (ADDF_X0P5N_A9PP84TR_C14)                      43.99    1921.29 r
  U544/CO (ADDF_X0P5N_A9PP84TR_C14)                      44.26    1965.54 r
  U540/Y (XNOR2_X0P7N_A9PP84TR_C14)                      19.05    1984.59 f
  U547/Y (AOI22_X0P5N_A9PP84TR_C14)                      24.55    2009.14 r
  U548/Y (OAI31_X0P5N_A9PP84TR_C14)                      32.53    2041.67 f
  U567/Y (NOR2_X0P5F_A9PP84TR_C14)                       29.37    2071.03 r
  U568/Y (NAND2_X0P5R_A9PP84TR_C14)                      36.96    2108.00 f
  U596/Y (INVP_X0P7F_A9PP84TR_C14)                       30.48    2138.48 r
  U609/Y (AO21A1AI2_X0P5N_A9PP84TR_C14)                  27.22    2165.70 f
  U610/Y (OAI21_X0P5N_A9PP84TR_C14)                       9.93    2175.63 r
  lhs_0[7] (out)                                          0.01    2175.64 r
  data arrival time                                               2175.64
  --------------------------------------------------------------------------
  (Path is unconstrained)


  Startpoint: rhs_1[10] (input port)
  Endpoint: lhs_0[7] (output port)
  Path Group: (none)
  Path Type: max

  Des/Clust/Port     Wire Load Model       Library
  ------------------------------------------------
  FPadd_plain        Small                 sc9mcpp84_14lppxl_base_rvt_c14_nn_nominal_max_0p80v_25c

  Point                                                   Incr       Path
  --------------------------------------------------------------------------
  input external delay                                    0.00       0.00 f
  rhs_1[10] (in)                                          1.21       1.21 f
  U347/Y (INVP_X0P7F_A9PP84TR_C14)                        9.61      10.82 r
  U348/Y (NOR2_X0P5F_A9PP84TR_C14)                       16.80      27.61 f
  U349/CO (ADDF_X0P5N_A9PP84TR_C14)                      44.34      71.96 f
  U354/CO (ADDF_X0P5N_A9PP84TR_C14)                      45.03     116.99 f
  U359/CO (ADDF_X0P5N_A9PP84TR_C14)                      45.04     162.03 f
  U361/CO (ADDF_X0P5N_A9PP84TR_C14)                      71.94     233.98 f
  U355/Y (INVP_X0P7F_A9PP84TR_C14)                       47.73     281.70 r
  U282/Y (BUF_X0P5N_A9PP84TR_C14)                        50.70     332.40 r
  U275/Y (AOI22_X0P5N_A9PP84TR_C14)                      34.48     366.88 f
  U380/Y (INVP_X0P7F_A9PP84TR_C14)                       20.78     387.67 r
  U298/Y (AOI21_X0P5N_A9PP84TR_C14)                      18.27     405.94 f
  U297/Y (AOI21_X0P5N_A9PP84TR_C14)                      33.68     439.62 r
  U324/Y (AO21A1AI2_X0P5N_A9PP84TR_C14)                  32.72     472.34 f
  U335/Y (AOI211_X0P5N_A9PP84TR_C14)                     33.44     505.78 r
  U411/Y (MXIT2_X0P5N_A9PP84TR_C14)                      35.34     541.12 r
  U461/CO (ADDF_X0P5N_A9PP84TR_C14)                      54.19     595.31 r
  U458/CO (ADDF_X0P5N_A9PP84TR_C14)                      45.93     641.24 r
  U412/Y (AND2_X0P5N_A9PP84TR_C14)                       30.10     671.34 r
  U316/Y (OA21B_X0P5N_A9PP84TR_C14)                      36.20     707.54 r
  U452/CO (ADDF_X0P5N_A9PP84TR_C14)                      55.47     763.00 r
  U446/CO (ADDF_X0P5N_A9PP84TR_C14)                      52.40     815.40 r
  U447/CO (ADDF_X0P5N_A9PP84TR_C14)                      52.40     867.80 r
  U437/CO (ADDF_X0P5N_A9PP84TR_C14)                      52.40     920.20 r
  U439/CO (ADDF_X0P5N_A9PP84TR_C14)                      52.40     972.60 r
  U476/CO (ADDF_X0P5N_A9PP84TR_C14)                      45.55    1018.15 r
  U417/Y (NAND2_X0P5R_A9PP84TR_C14)                      24.05    1042.20 f
  U339/Y (AOI211_X0P5N_A9PP84TR_C14)                     48.20    1090.39 r
  U341/Y (AO21B_X0P5N_A9PP84TR_C14)                      34.08    1124.47 r
  U340/Y (OAI211_X0P5N_A9PP84TR_C14)                     35.79    1160.27 f
  U485/Y (NOR3_X0P5F_A9PP84TR_C14)                       63.90    1224.17 r
  U424/Y (NOR2_X0P5F_A9PP84TR_C14)                       48.12    1272.29 f
  U435/Y (INVP_X0P7F_A9PP84TR_C14)                       31.33    1303.62 r
  U462/Y (MXIT2_X0P5N_A9PP84TR_C14)                      41.34    1344.96 f
  U463/Y (INVP_X0P7F_A9PP84TR_C14)                       30.49    1375.44 r
  U464/Y (NAND3_X0P5R_A9PP84TR_C14)                      30.28    1405.72 f
  U465/Y (NOR2_X0P5F_A9PP84TR_C14)                       25.47    1431.19 r
  U469/Y (NAND2_X0P5R_A9PP84TR_C14)                      27.02    1458.21 f
  U470/Y (NOR2_X0P5F_A9PP84TR_C14)                       27.82    1486.03 r
  U474/Y (NAND2_X0P5R_A9PP84TR_C14)                      25.12    1511.15 f
  U475/Y (NOR2_X0P5F_A9PP84TR_C14)                       30.63    1541.78 r
  U480/Y (NAND2_X0P5R_A9PP84TR_C14)                      29.75    1571.53 f
  U483/Y (NAND2XB_X0P5N_A9PP84TR_C14)                    37.61    1609.14 f
  U507/Y (XNOR2_X0P7N_A9PP84TR_C14)                      25.51    1634.65 r
  U508/Y (NAND2_X0P5R_A9PP84TR_C14)                      22.78    1657.43 f
  U509/Y (NOR2XB_X0P5N_A9PP84TR_C14)                     21.40    1678.83 r
  U514/Y (NAND2_X0P5R_A9PP84TR_C14)                      26.36    1705.19 f
  U533/Y (OA21A1OI2_X0P5N_A9PP84TR_C14)                  24.57    1729.77 r
  U537/Y (AOI21_X0P5N_A9PP84TR_C14)                      51.12    1780.89 f
  U538/Y (AOI21_X0P5N_A9PP84TR_C14)                      44.40    1825.29 r
  U543/CO (ADDF_X0P5N_A9PP84TR_C14)                      52.01    1877.29 r
  U545/CO (ADDF_X0P5N_A9PP84TR_C14)                      43.99    1921.29 r
  U544/CO (ADDF_X0P5N_A9PP84TR_C14)                      44.26    1965.54 r
  U540/Y (XNOR2_X0P7N_A9PP84TR_C14)                      19.05    1984.59 f
  U547/Y (AOI22_X0P5N_A9PP84TR_C14)                      24.55    2009.14 r
  U548/Y (OAI31_X0P5N_A9PP84TR_C14)                      32.53    2041.67 f
  U567/Y (NOR2_X0P5F_A9PP84TR_C14)                       29.37    2071.03 r
  U568/Y (NAND2_X0P5R_A9PP84TR_C14)                      36.96    2108.00 f
  U596/Y (INVP_X0P7F_A9PP84TR_C14)                       30.48    2138.48 r
  U609/Y (AO21A1AI2_X0P5N_A9PP84TR_C14)                  27.22    2165.70 f
  U610/Y (OAI21_X0P5N_A9PP84TR_C14)                       9.90    2175.60 r
  lhs_0[7] (out)                                          0.01    2175.61 r
  data arrival time                                               2175.61
  --------------------------------------------------------------------------
  (Path is unconstrained)


  Startpoint: rhs_1[10] (input port)
  Endpoint: lhs_0[7] (output port)
  Path Group: (none)
  Path Type: max

  Des/Clust/Port     Wire Load Model       Library
  ------------------------------------------------
  FPadd_plain        Small                 sc9mcpp84_14lppxl_base_rvt_c14_nn_nominal_max_0p80v_25c

  Point                                                   Incr       Path
  --------------------------------------------------------------------------
  input external delay                                    0.00       0.00 f
  rhs_1[10] (in)                                          1.21       1.21 f
  U347/Y (INVP_X0P7F_A9PP84TR_C14)                        9.61      10.82 r
  U348/Y (NOR2_X0P5F_A9PP84TR_C14)                       16.80      27.61 f
  U349/CO (ADDF_X0P5N_A9PP84TR_C14)                      44.34      71.96 f
  U354/CO (ADDF_X0P5N_A9PP84TR_C14)                      45.03     116.99 f
  U359/CO (ADDF_X0P5N_A9PP84TR_C14)                      45.04     162.03 f
  U361/CO (ADDF_X0P5N_A9PP84TR_C14)                      71.94     233.98 f
  U355/Y (INVP_X0P7F_A9PP84TR_C14)                       47.73     281.70 r
  U282/Y (BUF_X0P5N_A9PP84TR_C14)                        50.70     332.40 r
  U275/Y (AOI22_X0P5N_A9PP84TR_C14)                      34.17     366.57 f
  U380/Y (INVP_X0P7F_A9PP84TR_C14)                       20.78     387.35 r
  U298/Y (AOI21_X0P5N_A9PP84TR_C14)                      18.27     405.63 f
  U297/Y (AOI21_X0P5N_A9PP84TR_C14)                      33.68     439.31 r
  U324/Y (AO21A1AI2_X0P5N_A9PP84TR_C14)                  32.72     472.02 f
  U335/Y (AOI211_X0P5N_A9PP84TR_C14)                     33.44     505.47 r
  U411/Y (MXIT2_X0P5N_A9PP84TR_C14)                      35.34     540.80 r
  U461/CO (ADDF_X0P5N_A9PP84TR_C14)                      54.19     595.00 r
  U458/CO (ADDF_X0P5N_A9PP84TR_C14)                      45.93     640.92 r
  U412/Y (AND2_X0P5N_A9PP84TR_C14)                       30.10     671.02 r
  U316/Y (OA21B_X0P5N_A9PP84TR_C14)                      36.20     707.22 r
  U452/CO (ADDF_X0P5N_A9PP84TR_C14)                      55.47     762.69 r
  U446/CO (ADDF_X0P5N_A9PP84TR_C14)                      52.40     815.09 r
  U447/CO (ADDF_X0P5N_A9PP84TR_C14)                      52.40     867.49 r
  U437/CO (ADDF_X0P5N_A9PP84TR_C14)                      52.40     919.88 r
  U439/CO (ADDF_X0P5N_A9PP84TR_C14)                      52.40     972.28 r
  U476/CO (ADDF_X0P5N_A9PP84TR_C14)                      45.55    1017.83 r
  U417/Y (NAND2_X0P5R_A9PP84TR_C14)                      24.05    1041.88 f
  U339/Y (AOI211_X0P5N_A9PP84TR_C14)                     48.20    1090.08 r
  U341/Y (AO21B_X0P5N_A9PP84TR_C14)                      34.08    1124.16 r
  U340/Y (OAI211_X0P5N_A9PP84TR_C14)                     35.79    1159.95 f
  U485/Y (NOR3_X0P5F_A9PP84TR_C14)                       63.90    1223.85 r
  U424/Y (NOR2_X0P5F_A9PP84TR_C14)                       48.12    1271.97 f
  U435/Y (INVP_X0P7F_A9PP84TR_C14)                       31.33    1303.30 r
  U462/Y (MXIT2_X0P5N_A9PP84TR_C14)                      41.34    1344.64 f
  U463/Y (INVP_X0P7F_A9PP84TR_C14)                       30.49    1375.13 r
  U464/Y (NAND3_X0P5R_A9PP84TR_C14)                      30.28    1405.40 f
  U465/Y (NOR2_X0P5F_A9PP84TR_C14)                       25.47    1430.87 r
  U469/Y (NAND2_X0P5R_A9PP84TR_C14)                      27.02    1457.89 f
  U470/Y (NOR2_X0P5F_A9PP84TR_C14)                       27.82    1485.72 r
  U474/Y (NAND2_X0P5R_A9PP84TR_C14)                      25.12    1510.83 f
  U475/Y (NOR2_X0P5F_A9PP84TR_C14)                       30.63    1541.46 r
  U480/Y (NAND2_X0P5R_A9PP84TR_C14)                      29.75    1571.21 f
  U483/Y (NAND2XB_X0P5N_A9PP84TR_C14)                    37.61    1608.82 f
  U507/Y (XNOR2_X0P7N_A9PP84TR_C14)                      25.51    1634.33 r
  U508/Y (NAND2_X0P5R_A9PP84TR_C14)                      22.78    1657.11 f
  U509/Y (NOR2XB_X0P5N_A9PP84TR_C14)                     21.40    1678.52 r
  U514/Y (NAND2_X0P5R_A9PP84TR_C14)                      26.36    1704.88 f
  U533/Y (OA21A1OI2_X0P5N_A9PP84TR_C14)                  24.57    1729.45 r
  U537/Y (AOI21_X0P5N_A9PP84TR_C14)                      51.12    1780.57 f
  U538/Y (AOI21_X0P5N_A9PP84TR_C14)                      44.40    1824.97 r
  U543/CO (ADDF_X0P5N_A9PP84TR_C14)                      52.01    1876.98 r
  U545/CO (ADDF_X0P5N_A9PP84TR_C14)                      43.99    1920.97 r
  U544/CO (ADDF_X0P5N_A9PP84TR_C14)                      44.26    1965.23 r
  U540/Y (XNOR2_X0P7N_A9PP84TR_C14)                      19.05    1984.27 f
  U547/Y (AOI22_X0P5N_A9PP84TR_C14)                      24.55    2008.82 r
  U548/Y (OAI31_X0P5N_A9PP84TR_C14)                      32.53    2041.35 f
  U567/Y (NOR2_X0P5F_A9PP84TR_C14)                       29.37    2070.72 r
  U568/Y (NAND2_X0P5R_A9PP84TR_C14)                      36.96    2107.68 f
  U596/Y (INVP_X0P7F_A9PP84TR_C14)                       30.48    2138.16 r
  U609/Y (AO21A1AI2_X0P5N_A9PP84TR_C14)                  27.22    2165.39 f
  U610/Y (OAI21_X0P5N_A9PP84TR_C14)                      10.15    2175.54 r
  lhs_0[7] (out)                                          0.01    2175.55 r
  data arrival time                                               2175.55
  --------------------------------------------------------------------------
  (Path is unconstrained)


  Startpoint: rhs_1[10] (input port)
  Endpoint: lhs_0[7] (output port)
  Path Group: (none)
  Path Type: max

  Des/Clust/Port     Wire Load Model       Library
  ------------------------------------------------
  FPadd_plain        Small                 sc9mcpp84_14lppxl_base_rvt_c14_nn_nominal_max_0p80v_25c

  Point                                                   Incr       Path
  --------------------------------------------------------------------------
  input external delay                                    0.00       0.00 f
  rhs_1[10] (in)                                          1.21       1.21 f
  U347/Y (INVP_X0P7F_A9PP84TR_C14)                        9.61      10.82 r
  U348/Y (NOR2_X0P5F_A9PP84TR_C14)                       16.80      27.61 f
  U349/CO (ADDF_X0P5N_A9PP84TR_C14)                      44.34      71.96 f
  U354/CO (ADDF_X0P5N_A9PP84TR_C14)                      45.03     116.99 f
  U359/CO (ADDF_X0P5N_A9PP84TR_C14)                      45.04     162.03 f
  U361/CO (ADDF_X0P5N_A9PP84TR_C14)                      71.94     233.98 f
  U355/Y (INVP_X0P7F_A9PP84TR_C14)                       47.73     281.70 r
  U282/Y (BUF_X0P5N_A9PP84TR_C14)                        50.70     332.40 r
  U275/Y (AOI22_X0P5N_A9PP84TR_C14)                      34.07     366.47 f
  U380/Y (INVP_X0P7F_A9PP84TR_C14)                       20.78     387.25 r
  U298/Y (AOI21_X0P5N_A9PP84TR_C14)                      18.27     405.53 f
  U297/Y (AOI21_X0P5N_A9PP84TR_C14)                      33.68     439.21 r
  U324/Y (AO21A1AI2_X0P5N_A9PP84TR_C14)                  32.72     471.93 f
  U335/Y (AOI211_X0P5N_A9PP84TR_C14)                     33.44     505.37 r
  U411/Y (MXIT2_X0P5N_A9PP84TR_C14)                      35.34     540.71 r
  U461/CO (ADDF_X0P5N_A9PP84TR_C14)                      54.19     594.90 r
  U458/CO (ADDF_X0P5N_A9PP84TR_C14)                      45.93     640.83 r
  U412/Y (AND2_X0P5N_A9PP84TR_C14)                       30.10     670.93 r
  U316/Y (OA21B_X0P5N_A9PP84TR_C14)                      36.20     707.12 r
  U452/CO (ADDF_X0P5N_A9PP84TR_C14)                      55.47     762.59 r
  U446/CO (ADDF_X0P5N_A9PP84TR_C14)                      52.40     814.99 r
  U447/CO (ADDF_X0P5N_A9PP84TR_C14)                      52.40     867.39 r
  U437/CO (ADDF_X0P5N_A9PP84TR_C14)                      52.40     919.79 r
  U439/CO (ADDF_X0P5N_A9PP84TR_C14)                      52.40     972.19 r
  U476/CO (ADDF_X0P5N_A9PP84TR_C14)                      45.55    1017.74 r
  U417/Y (NAND2_X0P5R_A9PP84TR_C14)                      24.05    1041.78 f
  U339/Y (AOI211_X0P5N_A9PP84TR_C14)                     48.20    1089.98 r
  U341/Y (AO21B_X0P5N_A9PP84TR_C14)                      34.08    1124.06 r
  U340/Y (OAI211_X0P5N_A9PP84TR_C14)                     35.79    1159.85 f
  U485/Y (NOR3_X0P5F_A9PP84TR_C14)                       63.90    1223.75 r
  U424/Y (NOR2_X0P5F_A9PP84TR_C14)                       48.12    1271.88 f
  U435/Y (INVP_X0P7F_A9PP84TR_C14)                       31.33    1303.21 r
  U462/Y (MXIT2_X0P5N_A9PP84TR_C14)                      41.34    1344.54 f
  U463/Y (INVP_X0P7F_A9PP84TR_C14)                       30.49    1375.03 r
  U464/Y (NAND3_X0P5R_A9PP84TR_C14)                      30.28    1405.31 f
  U465/Y (NOR2_X0P5F_A9PP84TR_C14)                       25.47    1430.78 r
  U469/Y (NAND2_X0P5R_A9PP84TR_C14)                      27.02    1457.80 f
  U470/Y (NOR2_X0P5F_A9PP84TR_C14)                       27.82    1485.62 r
  U474/Y (NAND2_X0P5R_A9PP84TR_C14)                      25.12    1510.74 f
  U475/Y (NOR2_X0P5F_A9PP84TR_C14)                       30.63    1541.36 r
  U480/Y (NAND2_X0P5R_A9PP84TR_C14)                      29.75    1571.11 f
  U483/Y (NAND2XB_X0P5N_A9PP84TR_C14)                    37.61    1608.73 f
  U507/Y (XNOR2_X0P7N_A9PP84TR_C14)                      25.51    1634.23 r
  U508/Y (NAND2_X0P5R_A9PP84TR_C14)                      22.78    1657.02 f
  U509/Y (NOR2XB_X0P5N_A9PP84TR_C14)                     21.40    1678.42 r
  U514/Y (NAND2_X0P5R_A9PP84TR_C14)                      26.36    1704.78 f
  U533/Y (OA21A1OI2_X0P5N_A9PP84TR_C14)                  24.57    1729.35 r
  U537/Y (AOI21_X0P5N_A9PP84TR_C14)                      51.12    1780.48 f
  U538/Y (AOI21_X0P5N_A9PP84TR_C14)                      44.40    1824.88 r
  U543/CO (ADDF_X0P5N_A9PP84TR_C14)                      52.01    1876.88 r
  U545/CO (ADDF_X0P5N_A9PP84TR_C14)                      43.99    1920.87 r
  U544/CO (ADDF_X0P5N_A9PP84TR_C14)                      44.26    1965.13 r
  U540/Y (XNOR2_X0P7N_A9PP84TR_C14)                      19.05    1984.18 f
  U547/Y (AOI22_X0P5N_A9PP84TR_C14)                      24.55    2008.73 r
  U548/Y (OAI31_X0P5N_A9PP84TR_C14)                      32.53    2041.26 f
  U567/Y (NOR2_X0P5F_A9PP84TR_C14)                       29.37    2070.62 r
  U568/Y (NAND2_X0P5R_A9PP84TR_C14)                      36.96    2107.59 f
  U596/Y (INVP_X0P7F_A9PP84TR_C14)                       30.48    2138.07 r
  U609/Y (AO21A1AI2_X0P5N_A9PP84TR_C14)                  27.22    2165.29 f
  U610/Y (OAI21_X0P5N_A9PP84TR_C14)                      10.15    2175.44 r
  lhs_0[7] (out)                                          0.01    2175.45 r
  data arrival time                                               2175.45
  --------------------------------------------------------------------------
  (Path is unconstrained)


1
